// Jest Snapshot v1, https://goo.gl/fbAQLP

exports[`GifGridItem Tests should match snapshot 1`] = `
<div
  className="card animate__animated animate__flipInX"
>
  <img
    alt="titleTest"
    src="urlTest"
  />
  <p>
    titleTest
  </p>
</div>
`;
